$ pnpm run lint

> shadcnui@ lint /workspace/shadcn-ui
> eslint --quiet ./src

$ pnpm run build


> shadcnui@ build /workspace/shadcn-ui
> vite build

vite v5.4.19 building for production...
transforming...
✓ 117 modules transformed.
rendering chunks...
computing gzip size...
dist/index.html                   0.75 kB │ gzip:   0.40 kB
dist/assets/index-DvO8UNt8.css   58.69 kB │ gzip:  10.31 kB
dist/assets/index-mHNTDgoc.js   330.96 kB │ gzip: 105.11 kB
✓ built in 3.68s
$ pnpm run build


> shadcnui@ build /workspace/shadcn-ui
> vite build

vite v5.4.19 building for production...
transforming...
✓ 73 modules transformed.
x Build failed in 1.95s
error during build:
[vite:load-fallback] Could not load /workspace/shadcn-ui/src/lib/auth (imported by src/pages/Index.tsx): ENOENT: no such file or directory, open '/workspace/shadcn-ui/src/lib/auth'
Error: Could not load /workspace/shadcn-ui/src/lib/auth (imported by src/pages/Index.tsx): ENOENT: no such file or directory, open '/workspace/shadcn-ui/src/lib/auth'
 ELIFECYCLE  Command failed with exit code 1.
$ pnpm run build


> shadcnui@ build /workspace/shadcn-ui
> vite build

vite v5.4.19 building for production...
transforming...
✓ 118 modules transformed.
rendering chunks...
computing gzip size...
dist/index.html                   0.75 kB │ gzip:   0.40 kB
dist/assets/index-5h_F0c6o.css   58.07 kB │ gzip:  10.21 kB
dist/assets/index-LgxfC9z8.js   338.24 kB │ gzip: 107.19 kB
✓ built in 3.69s
$ pnpm run build


> shadcnui@ build /workspace/shadcn-ui
> vite build

vite v5.4.19 building for production...
transforming...
✓ 12 modules transformed.
x Build failed in 1.42s
error during build:
Could not resolve "./pages/Login" from "src/App.tsx"
file: /workspace/shadcn-ui/src/App.tsx
    at getRollupError (file:///workspace/shadcn-ui/node_modules/.pnpm/rollup@4.45.1/node_modules/rollup/dist/es/shared/parseAst.js:401:41)
    at error (file:///workspace/shadcn-ui/node_modules/.pnpm/rollup@4.45.1/node_modules/rollup/dist/es/shared/parseAst.js:397:42)
    at ModuleLoader.handleInvalidResolvedId (file:///workspace/shadcn-ui/node_modules/.pnpm/rollup@4.45.1/node_modules/rollup/dist/es/shared/node-entry.js:21442:24)
    at file:///workspace/shadcn-ui/node_modules/.pnpm/rollup@4.45.1/node_modules/rollup/dist/es/shared/node-entry.js:21402:26
 ELIFECYCLE  Command failed with exit code 1.
$ pnpm run build


> shadcnui@ build /workspace/shadcn-ui
> vite build

vite v5.4.19 building for production...
transforming...
✓ 25 modules transformed.
x Build failed in 1.53s
error during build:
[vite:load-fallback] Could not load /workspace/shadcn-ui/src/pages/Dashboard (imported by src/App.tsx): ENOENT: no such file or directory, open '/workspace/shadcn-ui/src/pages/Dashboard'
Error: Could not load /workspace/shadcn-ui/src/pages/Dashboard (imported by src/App.tsx): ENOENT: no such file or directory, open '/workspace/shadcn-ui/src/pages/Dashboard'
 ELIFECYCLE  Command failed with exit code 1.
$ ls -la src/pages/

total 354
drwxr-xr-x  4 root root  12288 Sep  7 09:15 .
drwxr-xr-x 67 root root 348160 Sep  7 09:15 ..
-rw-r--r--  1 root root    561 Sep 23 11:27 Index.tsx
-rw-r--r--  1 root root    921 Sep  7 09:15 NotFound.tsx
$ ls -la src/components/

total 880
drwxr-xr-x 52 root root 278528 Sep  7 09:15 .
drwxr-xr-x 67 root root 348160 Sep  7 09:15 ..
drwxr-xr-x 51 root root 274432 Sep  7 09:15 ui
$ pnpm run build


> shadcnui@ build /workspace/shadcn-ui
> vite build

vite v5.4.19 building for production...
transforming...
✓ 1095 modules transformed.
x Build failed in 4.16s
error during build:
[vite:load-fallback] Could not load /workspace/shadcn-ui/src/components/ClientPortal (imported by src/pages/Dashboard.tsx): ENOENT: no such file or directory, open '/workspace/shadcn-ui/src/components/ClientPortal'
Error: Could not load /workspace/shadcn-ui/src/components/ClientPortal (imported by src/pages/Dashboard.tsx): ENOENT: no such file or directory, open '/workspace/shadcn-ui/src/components/ClientPortal'
 ELIFECYCLE  Command failed with exit code 1.
$ pnpm run build


> shadcnui@ build /workspace/shadcn-ui
> vite build

vite v5.4.19 building for production...
transforming...
✓ 1730 modules transformed.
rendering chunks...
computing gzip size...
dist/index.html                   0.75 kB │ gzip:   0.40 kB
dist/assets/index-Ble7SbGm.css   60.46 kB │ gzip:  10.70 kB
dist/assets/index-DlfUYrhL.js   434.86 kB │ gzip: 133.29 kB
✓ built in 5.74s
$ pnpm run build


> shadcnui@ build /workspace/shadcn-ui
> vite build

vite v5.4.19 building for production...
transforming...
✓ 1727 modules transformed.
rendering chunks...
computing gzip size...
dist/index.html                   0.75 kB │ gzip:   0.40 kB
dist/assets/index-CytQRSiO.css   61.08 kB │ gzip:  10.75 kB
dist/assets/index-Dzsq9cZQ.js   435.17 kB │ gzip: 132.35 kB
✓ built in 6.16s
$ pnpm run build


> shadcnui@ build /workspace/shadcn-ui
> vite build

vite v5.4.19 building for production...
transforming...
✓ 1727 modules transformed.
rendering chunks...
computing gzip size...
dist/index.html                   0.75 kB │ gzip:   0.40 kB
dist/assets/index-CytQRSiO.css   61.08 kB │ gzip:  10.75 kB
dist/assets/index-Dzsq9cZQ.js   435.17 kB │ gzip: 132.35 kB
✓ built in 5.38s
$ ls -la src/

total 2221
drwxr-xr-x  74 root root  430080 Sep  7 09:15 .
drwxr-xr-x 107 root root 1433600 Sep 23 11:52 ..
-rw-r--r--   1 root root       0 Sep  7 09:15 App.css
-rw-r--r--   1 root root    1084 Sep 23 11:35 App.tsx
drwxr-xr-x  57 root root  348160 Sep 23 11:40 components
drwxr-xr-x   4 root root   12288 Sep  7 09:15 hooks
-rw-r--r--   1 root root    2235 Sep  7 09:15 index.css
drwxr-xr-x   4 root root   20480 Sep 23 11:30 lib
-rw-r--r--   1 root root     161 Sep  7 09:15 main.tsx
drwxr-xr-x   6 root root   24576 Sep 23 11:36 pages
-rw-r--r--   1 root root      38 Sep  7 09:15 vite-env.d.ts
$ pnpm run build


> shadcnui@ build /workspace/shadcn-ui
> vite build

vite v5.4.19 building for production...
transforming...
✓ 1727 modules transformed.
rendering chunks...
computing gzip size...
dist/index.html                   0.75 kB │ gzip:   0.40 kB
dist/assets/index-CytQRSiO.css   61.08 kB │ gzip:  10.75 kB
dist/assets/index-CbTD-pBR.js   433.30 kB │ gzip: 131.99 kB
✓ built in 5.88s
